
> backend@1.0.0 test
> jest tests/result.test.js

node.exe : FAIL 
tests/result.test.js
At 
H:\node_js\npm.ps1:29 
char:3
+   & $NODE_EXE 
$NPM_CLI_JS $args
+   ~~~~~~~~~~~~~~~~~~~~
~~~~~~~~~
    + CategoryInfo      
        : NotSpecified  
  : (FAIL tests/resul   
 t.test.js:String) [    
], RemoteException
    + FullyQualifiedErr 
   orId : NativeComman  
  dError
 
  Result Controller - 
submitTest
    ├ù should calculate 
correct score for Map 
Labeling question (24 
ms)
    ΓêÜ should 
calculate correct score 
for Multiple Choice 
Multi (5 ms)

  ΓùÅ Result Controller 
- submitTest ΓÇ║ should 
calculate correct score 
for Map Labeling 
question

    expect(jest.fn()).to
HaveBeenCalledWith(...ex
pected)

    Expected: 
ObjectContaining 
{"correctAnswers": 1, 
"percentage": 50, 
"totalQuestions": 2}
    Received: 
{"bandScore": 9, 
"correctAnswers": 2, 
"gradingNotes": null, 
"incorrectAnswers": 0, 
"isManuallyGraded": 
false, "module": 
"listening", 
"percentage": 100, "ques
tionTypeBreakdown": 
[{"correct": 2, 
"percentage": 100, 
"total": 2, "type": 
"map-labeling"}], 
"recommendations": [], 
"sectionPerformance": 
[{"correctAnswers": 2, 
"percentage": 100, 
"questionsAttempted": 
2, "sectionNumber": 
undefined, 
"sectionTitle": 
undefined}], 
"sessionId": 
"mockSessionId", 
"teacherGradedAt": 
null, 
"teacherGradedBy": 
null, "testId": 
"mockTestId", 
"timeTaken": undefined, 
"totalQuestions": 2, 
"unanswered": 0, 
"userId": "mockUserId", 
"weakAreas": []}

    Number of calls: 1

    [0m [90m 76 |[39m
     [90m 77 |[39m    
 [90m// 5. 
Assertions[39m
    [31m[1m>[22m[39m
[90m 78 |[39m     expe
ct([33mResult[39m[33m
.[39mcreate)[33m.[39m
toHaveBeenCalledWith(
     [90m    |[39m    
                       
[31m[1m^[22m[39m
     [90m 79 |[39m    
   expect[33m.[39mobje
ctContaining({
     [90m 80 |[39m    
     correctAnswers[33m
:[39m 
[35m1[39m[33m,[39m
     [90m 81 |[39m    
     totalQuestions[33m
:[39m 
[35m2[39m[33m,[39m 
[90m// Important: 
checked total 
calculation[39m[0m

      at Object.toHaveBe
enCalledWith (tests/resu
lt.test.js:78:27)

Test Suites: 1 failed, 
1 total
Tests:       1 failed, 
1 passed, 2 total
Snapshots:   0 total
Time:        5.024 s
Ran all test suites 
matching 
tests/result.test.js.
